// Vitest Snapshot v1, https://vitest.dev/guide/snapshot.html

exports[`Login page > should render with required fields 1`] = `
<div>
  Login
</div>
`;
